I'm sorry, but errors were detected in your script. Please correct the
errors listed below, and try again.


File "game/scripts/system/definitions/chrs/main_cast/alya/alya_layered_def.rpy", line 5: Line is indented, but the preceding ATL statement does not expect a block. Please check this line's indentation. You may have forgotten a colon (:).
    choice:
    ^

Ren'Py Version: Ren'Py 8.1.3.23091805
Tue Jan  9 04:04:35 2024
